127.0.0.1 - - [23/May/2024:08:51:55 +0900] "GET / HTTP/1.1" 404 807
192.168.10.170 - - [23/May/2024:08:52:23 +0900] "GET /STEST2/main.jsp HTTP/1.1" 200 1567
192.168.10.170 - - [23/May/2024:08:52:23 +0900] "GET /favicon.ico HTTP/1.1" 404 818
192.168.10.170 - - [23/May/2024:08:52:27 +0900] "GET /STEST2/loginmain.jsp HTTP/1.1" 200 844
192.168.10.170 - - [23/May/2024:08:52:33 +0900] "POST /STEST2/login.jsp HTTP/1.1" 200 2012
192.168.10.170 - - [23/May/2024:08:52:38 +0900] "GET /STEST2/list.jsp HTTP/1.1" 404 800
127.0.0.1 - - [23/May/2024:08:55:23 +0900] "GET / HTTP/1.1" 404 807
192.168.10.170 - - [23/May/2024:08:55:29 +0900] "POST /STEST2/login.jsp HTTP/1.1" 200 2012
192.168.10.170 - - [23/May/2024:08:55:30 +0900] "GET /STEST2/list.jsp HTTP/1.1" 404 800
127.0.0.1 - - [23/May/2024:09:00:42 +0900] "GET / HTTP/1.1" 404 807
192.168.10.170 - - [23/May/2024:09:00:45 +0900] "POST /STEST2/login.jsp HTTP/1.1" 200 2012
192.168.10.170 - - [23/May/2024:09:00:49 +0900] "GET /STEST2/list.jsp HTTP/1.1" 404 800
192.168.10.170 - - [23/May/2024:09:13:11 +0900] "GET /STEST2/list.jsp HTTP/1.1" 404 800
192.168.10.170 - - [23/May/2024:09:45:11 +0900] "GET /STEST2/list.jsp HTTP/1.1" 404 800
127.0.0.1 - - [23/May/2024:09:47:45 +0900] "GET / HTTP/1.1" 404 807
192.168.10.170 - - [23/May/2024:09:49:58 +0900] "GET /STEST2/list HTTP/1.1" 200 130
192.168.10.170 - - [23/May/2024:09:51:14 +0900] "GET /STEST2/list HTTP/1.1" 200 130
127.0.0.1 - - [23/May/2024:09:51:24 +0900] "GET / HTTP/1.1" 404 807
192.168.10.170 - - [23/May/2024:09:51:27 +0900] "GET /STEST2/list HTTP/1.1" 200 130
192.168.10.170 - - [23/May/2024:09:52:00 +0900] "GET /STEST2/list HTTP/1.1" 200 130
192.168.10.170 - - [23/May/2024:09:52:01 +0900] "GET /STEST2/list HTTP/1.1" 200 130
192.168.10.170 - - [23/May/2024:09:52:01 +0900] "GET /STEST2/list HTTP/1.1" 200 130
192.168.10.170 - - [23/May/2024:09:52:02 +0900] "GET /STEST2/list HTTP/1.1" 200 130
192.168.10.170 - - [23/May/2024:09:52:02 +0900] "GET /STEST2/list HTTP/1.1" 200 130
192.168.10.170 - - [23/May/2024:09:52:02 +0900] "GET /STEST2/list HTTP/1.1" 200 130
192.168.10.170 - - [23/May/2024:09:52:02 +0900] "GET /STEST2/list HTTP/1.1" 200 130
192.168.10.170 - - [23/May/2024:09:52:02 +0900] "GET /STEST2/list HTTP/1.1" 200 130
192.168.10.170 - - [23/May/2024:09:52:03 +0900] "GET /STEST2/list HTTP/1.1" 200 130
192.168.10.170 - - [23/May/2024:09:52:03 +0900] "GET /STEST2/list HTTP/1.1" 200 130
192.168.10.170 - - [23/May/2024:09:52:03 +0900] "GET /STEST2/list HTTP/1.1" 200 130
127.0.0.1 - - [23/May/2024:09:52:11 +0900] "GET / HTTP/1.1" 404 807
192.168.10.170 - - [23/May/2024:09:52:17 +0900] "GET /STEST2/list HTTP/1.1" 200 402
127.0.0.1 - - [23/May/2024:10:01:56 +0900] "GET / HTTP/1.1" 404 807
192.168.10.170 - - [23/May/2024:10:02:01 +0900] "GET /STEST2/main HTTP/1.1" 200 130
192.168.10.170 - - [23/May/2024:10:02:07 +0900] "GET /STEST2/main HTTP/1.1" 200 130
192.168.10.170 - - [23/May/2024:10:02:14 +0900] "GET /STEST2/main.jsp HTTP/1.1" 200 1567
127.0.0.1 - - [23/May/2024:10:02:37 +0900] "GET / HTTP/1.1" 404 807
192.168.10.170 - - [23/May/2024:10:02:38 +0900] "GET /STEST2/main.jsp HTTP/1.1" 200 1567
192.168.10.170 - - [23/May/2024:10:02:44 +0900] "GET /STEST2/loginmain.jsp HTTP/1.1" 200 844
192.168.10.170 - - [23/May/2024:10:02:48 +0900] "POST /STEST2/login.jsp HTTP/1.1" 200 2012
192.168.10.170 - - [23/May/2024:10:02:52 +0900] "GET /STEST2/list.jsp HTTP/1.1" 404 800
127.0.0.1 - - [23/May/2024:10:03:23 +0900] "GET / HTTP/1.1" 404 807
192.168.10.170 - - [23/May/2024:10:03:26 +0900] "GET /STEST2/list.jsp HTTP/1.1" 404 800
192.168.10.170 - - [23/May/2024:10:03:27 +0900] "GET /STEST2/list.jsp HTTP/1.1" 404 800
192.168.10.170 - - [23/May/2024:10:03:27 +0900] "GET /STEST2/list.jsp HTTP/1.1" 404 800
192.168.10.170 - - [23/May/2024:10:03:27 +0900] "GET /STEST2/list.jsp HTTP/1.1" 404 800
192.168.10.170 - - [23/May/2024:10:03:27 +0900] "GET /STEST2/list.jsp HTTP/1.1" 404 800
192.168.10.170 - - [23/May/2024:10:03:28 +0900] "GET /STEST2/list.jsp HTTP/1.1" 404 800
192.168.10.170 - - [23/May/2024:10:03:28 +0900] "GET /STEST2/list.jsp HTTP/1.1" 404 800
192.168.10.170 - - [23/May/2024:10:03:28 +0900] "GET /STEST2/list.jsp HTTP/1.1" 404 800
192.168.10.170 - - [23/May/2024:10:03:28 +0900] "GET /STEST2/list.jsp HTTP/1.1" 404 800
192.168.10.170 - - [23/May/2024:10:03:28 +0900] "GET /STEST2/list.jsp HTTP/1.1" 404 800
127.0.0.1 - - [23/May/2024:10:04:22 +0900] "GET / HTTP/1.1" 404 807
192.168.10.170 - - [23/May/2024:10:04:26 +0900] "GET /STEST2/list HTTP/1.1" 200 354
192.168.10.170 - - [23/May/2024:10:04:34 +0900] "GET /STEST2/main HTTP/1.1" 404 721
192.168.10.170 - - [23/May/2024:10:04:38 +0900] "GET /STEST2/main.jsp HTTP/1.1" 200 1567
192.168.10.170 - - [23/May/2024:10:04:39 +0900] "GET /STEST2/loginmain.jsp HTTP/1.1" 200 844
192.168.10.170 - - [23/May/2024:10:04:41 +0900] "POST /STEST2/login.jsp HTTP/1.1" 200 2009
192.168.10.170 - - [23/May/2024:10:04:46 +0900] "GET /list HTTP/1.1" 404 811
127.0.0.1 - - [23/May/2024:10:08:55 +0900] "GET / HTTP/1.1" 404 807
192.168.10.170 - - [23/May/2024:10:09:01 +0900] "GET /main.jsp HTTP/1.1" 404 800
192.168.10.170 - - [23/May/2024:10:09:06 +0900] "GET /main.jsp HTTP/1.1" 404 800
192.168.10.170 - - [23/May/2024:10:09:13 +0900] "GET /STEST2/main.jsp HTTP/1.1" 200 1567
192.168.10.170 - - [23/May/2024:10:09:15 +0900] "GET /STEST2/loginmain.jsp HTTP/1.1" 200 844
192.168.10.170 - - [23/May/2024:10:09:18 +0900] "POST /STEST2/login.jsp HTTP/1.1" 200 2009
192.168.10.170 - - [23/May/2024:10:09:24 +0900] "GET /list HTTP/1.1" 404 811
192.168.10.170 - - [23/May/2024:10:09:55 +0900] "GET /STEST2/list HTTP/1.1" 200 354
127.0.0.1 - - [23/May/2024:10:10:18 +0900] "GET / HTTP/1.1" 404 807
192.168.10.170 - - [23/May/2024:10:10:20 +0900] "GET /list HTTP/1.1" 404 811
192.168.10.170 - - [23/May/2024:10:10:20 +0900] "GET /list HTTP/1.1" 404 811
192.168.10.170 - - [23/May/2024:10:10:21 +0900] "GET /list HTTP/1.1" 404 811
192.168.10.170 - - [23/May/2024:10:10:21 +0900] "GET /list HTTP/1.1" 404 811
192.168.10.170 - - [23/May/2024:10:10:26 +0900] "GET /STEST2/main.jsp HTTP/1.1" 200 1567
192.168.10.170 - - [23/May/2024:10:10:27 +0900] "GET /STEST2/loginmain.jsp HTTP/1.1" 200 844
192.168.10.170 - - [23/May/2024:10:10:30 +0900] "POST /STEST2/login.jsp HTTP/1.1" 200 897
192.168.10.170 - - [23/May/2024:10:10:35 +0900] "POST /STEST2/login.jsp HTTP/1.1" 200 2009
192.168.10.170 - - [23/May/2024:10:10:39 +0900] "GET /list HTTP/1.1" 404 811
127.0.0.1 - - [23/May/2024:10:11:06 +0900] "GET / HTTP/1.1" 404 807
192.168.10.170 - - [23/May/2024:10:11:12 +0900] "GET /STEST2/main.jsp HTTP/1.1" 200 1567
192.168.10.170 - - [23/May/2024:10:11:12 +0900] "GET /STEST2/loginmain.jsp HTTP/1.1" 200 844
192.168.10.170 - - [23/May/2024:10:11:16 +0900] "POST /STEST2/login.jsp HTTP/1.1" 200 2016
192.168.10.170 - - [23/May/2024:10:11:20 +0900] "GET /STEST2/list HTTP/1.1" 200 354
192.168.10.170 - - [23/May/2024:10:11:51 +0900] "GET /STEST2/main.jsp HTTP/1.1" 200 1567
127.0.0.1 - - [23/May/2024:10:13:30 +0900] "GET / HTTP/1.1" 404 807
192.168.10.170 - - [23/May/2024:10:13:33 +0900] "GET /var/main.jsp HTTP/1.1" 200 1567
192.168.10.170 - - [23/May/2024:10:14:22 +0900] "GET /var/loginmain.jsp HTTP/1.1" 200 844
192.168.10.170 - - [23/May/2024:10:15:05 +0900] "GET /var/main.jsp HTTP/1.1" 200 2295
192.168.10.170 - - [23/May/2024:10:15:25 +0900] "GET /var/main.jsp HTTP/1.1" 200 2293
192.168.10.170 - - [23/May/2024:10:15:39 +0900] "GET /var/main.jsp HTTP/1.1" 200 2293
127.0.0.1 - - [23/May/2024:10:15:46 +0900] "GET / HTTP/1.1" 404 807
192.168.10.170 - - [23/May/2024:10:15:48 +0900] "GET /var/main.jsp HTTP/1.1" 200 2274
192.168.10.170 - - [23/May/2024:10:17:23 +0900] "GET /var/main.jsp HTTP/1.1" 200 2142
192.168.10.170 - - [23/May/2024:10:19:47 +0900] "GET /var/main.jsp HTTP/1.1" 200 2194
192.168.10.170 - - [23/May/2024:10:22:46 +0900] "GET /var/main.jsp HTTP/1.1" 200 2216
192.168.10.170 - - [23/May/2024:10:23:42 +0900] "GET /var/main.jsp HTTP/1.1" 200 2216
192.168.10.170 - - [23/May/2024:10:23:54 +0900] "GET /var/main.jsp HTTP/1.1" 200 2216
192.168.10.170 - - [23/May/2024:10:23:55 +0900] "GET /var/main.jsp HTTP/1.1" 200 2216
192.168.10.170 - - [23/May/2024:10:24:15 +0900] "GET /var/main.jsp HTTP/1.1" 200 2217
192.168.10.170 - - [23/May/2024:10:25:35 +0900] "GET /var/main.jsp HTTP/1.1" 200 2220
192.168.10.170 - - [23/May/2024:10:25:39 +0900] "GET /var/main.jsp HTTP/1.1" 200 2220
192.168.10.170 - - [23/May/2024:10:26:58 +0900] "GET /var/main.jsp HTTP/1.1" 200 2227
192.168.10.170 - - [23/May/2024:10:27:46 +0900] "GET /var/main.jsp HTTP/1.1" 200 2251
192.168.10.170 - - [23/May/2024:10:27:57 +0900] "GET /var/main.jsp HTTP/1.1" 200 2251
192.168.10.170 - - [23/May/2024:10:27:59 +0900] "GET /var/main.jsp HTTP/1.1" 200 2251
192.168.10.170 - - [23/May/2024:10:28:11 +0900] "GET /var/main.jsp HTTP/1.1" 200 2251
192.168.10.170 - - [23/May/2024:10:28:21 +0900] "GET /var/main.jsp HTTP/1.1" 200 2251
192.168.10.170 - - [23/May/2024:10:29:24 +0900] "GET /var/main.jsp HTTP/1.1" 200 2166
192.168.10.170 - - [23/May/2024:10:29:47 +0900] "GET /var/main.jsp HTTP/1.1" 200 2191
192.168.10.170 - - [23/May/2024:10:30:09 +0900] "GET /var/main.jsp HTTP/1.1" 200 2191
192.168.10.170 - - [23/May/2024:10:30:19 +0900] "GET /var/main.jsp HTTP/1.1" 200 2182
192.168.10.170 - - [23/May/2024:10:30:20 +0900] "GET /var/main.jsp HTTP/1.1" 200 2182
192.168.10.170 - - [23/May/2024:10:30:51 +0900] "GET /var/main.jsp HTTP/1.1" 200 2182
192.168.10.170 - - [23/May/2024:10:31:48 +0900] "GET /var/main.jsp HTTP/1.1" 200 2197
192.168.10.170 - - [23/May/2024:10:32:13 +0900] "GET /var/main.jsp HTTP/1.1" 200 2195
192.168.10.170 - - [23/May/2024:10:32:34 +0900] "GET /var/main.jsp HTTP/1.1" 200 2195
192.168.10.170 - - [23/May/2024:10:32:35 +0900] "GET /var/main.jsp HTTP/1.1" 200 2195
192.168.10.170 - - [23/May/2024:10:32:35 +0900] "GET /var/main.jsp HTTP/1.1" 200 2195
192.168.10.170 - - [23/May/2024:10:32:35 +0900] "GET /var/main.jsp HTTP/1.1" 200 2195
192.168.10.170 - - [23/May/2024:10:32:36 +0900] "GET /var/main.jsp HTTP/1.1" 200 2195
192.168.10.170 - - [23/May/2024:10:32:36 +0900] "GET /var/main.jsp HTTP/1.1" 200 2195
192.168.10.170 - - [23/May/2024:10:32:36 +0900] "GET /var/main.jsp HTTP/1.1" 200 2195
192.168.10.170 - - [23/May/2024:10:32:36 +0900] "GET /var/main.jsp HTTP/1.1" 200 2195
192.168.10.170 - - [23/May/2024:10:32:36 +0900] "GET /var/main.jsp HTTP/1.1" 200 2195
192.168.10.170 - - [23/May/2024:10:32:37 +0900] "GET /var/main.jsp HTTP/1.1" 200 2195
192.168.10.170 - - [23/May/2024:10:33:09 +0900] "GET /var/main.jsp HTTP/1.1" 200 2203
192.168.10.170 - - [23/May/2024:10:34:36 +0900] "GET /var/main.jsp HTTP/1.1" 200 2226
192.168.10.170 - - [23/May/2024:10:38:46 +0900] "GET /var/main.jsp HTTP/1.1" 200 2305
192.168.10.170 - - [23/May/2024:10:39:00 +0900] "GET /var/main.jsp HTTP/1.1" 200 2305
192.168.10.170 - - [23/May/2024:10:39:00 +0900] "GET /var/main.jsp HTTP/1.1" 200 2305
127.0.0.1 - - [23/May/2024:10:39:10 +0900] "GET / HTTP/1.1" 404 807
192.168.10.170 - - [23/May/2024:10:39:13 +0900] "GET /var/main.jsp HTTP/1.1" 200 2287
192.168.10.170 - - [23/May/2024:10:39:30 +0900] "GET /var/main.jsp HTTP/1.1" 200 2287
192.168.10.170 - - [23/May/2024:10:39:31 +0900] "GET /var/main.jsp HTTP/1.1" 200 2287
192.168.10.170 - - [23/May/2024:10:39:33 +0900] "GET /var/main.jsp HTTP/1.1" 200 2287
192.168.10.170 - - [23/May/2024:10:39:34 +0900] "GET /var/main.jsp HTTP/1.1" 200 2287
192.168.10.170 - - [23/May/2024:10:39:34 +0900] "GET /var/main.jsp HTTP/1.1" 200 2287
192.168.10.170 - - [23/May/2024:10:39:34 +0900] "GET /var/main.jsp HTTP/1.1" 200 2287
192.168.10.170 - - [23/May/2024:10:39:34 +0900] "GET /var/main.jsp HTTP/1.1" 200 2287
127.0.0.1 - - [23/May/2024:10:39:40 +0900] "GET / HTTP/1.1" 404 807
192.168.10.170 - - [23/May/2024:10:39:43 +0900] "GET /var/main.jsp HTTP/1.1" 200 2287
192.168.10.170 - - [23/May/2024:10:39:51 +0900] "GET /var/main.jsp HTTP/1.1" 200 2287
192.168.10.170 - - [23/May/2024:10:39:52 +0900] "GET /var/main.jsp HTTP/1.1" 200 2287
192.168.10.170 - - [23/May/2024:10:39:52 +0900] "GET /var/main.jsp HTTP/1.1" 200 2287
192.168.10.170 - - [23/May/2024:10:39:52 +0900] "GET /var/main.jsp HTTP/1.1" 200 2287
192.168.10.170 - - [23/May/2024:10:39:53 +0900] "GET /var/main.jsp HTTP/1.1" 200 2287
192.168.10.170 - - [23/May/2024:10:39:53 +0900] "GET /var/main.jsp HTTP/1.1" 200 2287
192.168.10.170 - - [23/May/2024:10:39:53 +0900] "GET /var/main.jsp HTTP/1.1" 200 2287
192.168.10.170 - - [23/May/2024:10:39:53 +0900] "GET /var/main.jsp HTTP/1.1" 200 2287
192.168.10.170 - - [23/May/2024:10:39:53 +0900] "GET /var/main.jsp HTTP/1.1" 200 2287
127.0.0.1 - - [23/May/2024:10:40:02 +0900] "GET / HTTP/1.1" 404 807
192.168.10.170 - - [23/May/2024:10:40:06 +0900] "GET /var/main.jsp HTTP/1.1" 200 2287
127.0.0.1 - - [23/May/2024:10:40:19 +0900] "GET / HTTP/1.1" 404 807
192.168.10.170 - - [23/May/2024:10:40:21 +0900] "GET /var/main.jsp HTTP/1.1" 200 2287
192.168.10.170 - - [23/May/2024:10:40:35 +0900] "GET /var/main.jsp HTTP/1.1" 200 2287
127.0.0.1 - - [23/May/2024:10:40:43 +0900] "GET / HTTP/1.1" 404 807
192.168.10.170 - - [23/May/2024:10:40:45 +0900] "GET /var/main.jsp HTTP/1.1" 200 2304
192.168.10.170 - - [23/May/2024:10:41:01 +0900] "GET /var/main.jsp HTTP/1.1" 200 2286
192.168.10.170 - - [23/May/2024:10:41:30 +0900] "GET /var/main.jsp HTTP/1.1" 200 2286
192.168.10.170 - - [23/May/2024:10:41:32 +0900] "GET /var/main.jsp HTTP/1.1" 200 2286
127.0.0.1 - - [23/May/2024:10:41:38 +0900] "GET / HTTP/1.1" 404 807
192.168.10.170 - - [23/May/2024:10:41:41 +0900] "GET /var/main.jsp HTTP/1.1" 200 2286
192.168.10.170 - - [23/May/2024:10:41:41 +0900] "GET /var/main.jsp HTTP/1.1" 200 2286
192.168.10.170 - - [23/May/2024:10:41:42 +0900] "GET /var/main.jsp HTTP/1.1" 200 2286
192.168.10.170 - - [23/May/2024:10:41:42 +0900] "GET /var/main.jsp HTTP/1.1" 200 2286
192.168.10.170 - - [23/May/2024:10:41:42 +0900] "GET /var/main.jsp HTTP/1.1" 200 2286
192.168.10.170 - - [23/May/2024:10:41:42 +0900] "GET /var/main.jsp HTTP/1.1" 200 2286
192.168.10.170 - - [23/May/2024:10:42:08 +0900] "GET /var/main.jsp HTTP/1.1" 200 2276
192.168.10.170 - - [23/May/2024:10:42:22 +0900] "GET /var/main.jsp HTTP/1.1" 200 2284
192.168.10.170 - - [23/May/2024:10:42:57 +0900] "GET /var/main.jsp HTTP/1.1" 200 2295
192.168.10.170 - - [23/May/2024:10:42:58 +0900] "GET /var/main.jsp HTTP/1.1" 200 2295
127.0.0.1 - - [23/May/2024:10:43:09 +0900] "GET / HTTP/1.1" 404 807
192.168.10.170 - - [23/May/2024:10:43:11 +0900] "GET /var/main.jsp HTTP/1.1" 200 2295
192.168.10.170 - - [23/May/2024:10:46:12 +0900] "GET /var/main.jsp HTTP/1.1" 200 2308
127.0.0.1 - - [23/May/2024:10:46:19 +0900] "GET / HTTP/1.1" 404 807
192.168.10.170 - - [23/May/2024:10:46:23 +0900] "GET /var/main.jsp HTTP/1.1" 200 2308
192.168.10.170 - - [23/May/2024:10:46:23 +0900] "GET /var/main.jsp HTTP/1.1" 200 2308
192.168.10.170 - - [23/May/2024:10:47:03 +0900] "GET /var/main.jsp HTTP/1.1" 200 2305
127.0.0.1 - - [23/May/2024:10:47:10 +0900] "GET / HTTP/1.1" 404 807
192.168.10.170 - - [23/May/2024:10:47:12 +0900] "GET /var/main.jsp HTTP/1.1" 200 2305
192.168.10.170 - - [23/May/2024:10:47:13 +0900] "GET /var/main.jsp HTTP/1.1" 200 2305
192.168.10.170 - - [23/May/2024:10:51:11 +0900] "GET /var/main.jsp HTTP/1.1" 200 2292
192.168.10.170 - - [23/May/2024:10:51:34 +0900] "GET /var/main.jsp HTTP/1.1" 200 2300
127.0.0.1 - - [23/May/2024:10:51:40 +0900] "GET / HTTP/1.1" 404 807
192.168.10.170 - - [23/May/2024:10:51:41 +0900] "GET /var/main.jsp HTTP/1.1" 200 2300
192.168.10.170 - - [23/May/2024:10:51:42 +0900] "GET /var/main.jsp HTTP/1.1" 200 2300
192.168.10.170 - - [23/May/2024:10:52:13 +0900] "GET /var/main.jsp HTTP/1.1" 200 2319
192.168.10.170 - - [23/May/2024:10:52:15 +0900] "GET /var/main.jsp HTTP/1.1" 200 2319
127.0.0.1 - - [23/May/2024:10:52:53 +0900] "GET / HTTP/1.1" 404 807
192.168.10.170 - - [23/May/2024:10:52:55 +0900] "GET /var/main.jsp HTTP/1.1" 200 2330
192.168.10.170 - - [23/May/2024:10:53:29 +0900] "GET /var/main.jsp HTTP/1.1" 200 2332
127.0.0.1 - - [23/May/2024:10:53:38 +0900] "GET / HTTP/1.1" 404 807
192.168.10.170 - - [23/May/2024:10:53:41 +0900] "GET /var/main.jsp HTTP/1.1" 200 2332
192.168.10.170 - - [23/May/2024:10:53:41 +0900] "GET /var/main.jsp HTTP/1.1" 200 2332
192.168.10.170 - - [23/May/2024:10:53:41 +0900] "GET /var/main.jsp HTTP/1.1" 200 2332
192.168.10.170 - - [23/May/2024:10:53:41 +0900] "GET /var/main.jsp HTTP/1.1" 200 2332
192.168.10.170 - - [23/May/2024:10:53:42 +0900] "GET /var/main.jsp HTTP/1.1" 200 2332
192.168.10.170 - - [23/May/2024:10:53:42 +0900] "GET /var/main.jsp HTTP/1.1" 200 2332
192.168.10.170 - - [23/May/2024:10:53:42 +0900] "GET /var/main.jsp HTTP/1.1" 200 2332
192.168.10.170 - - [23/May/2024:10:54:22 +0900] "GET /var/main.jsp HTTP/1.1" 200 2332
192.168.10.170 - - [23/May/2024:10:54:22 +0900] "GET /var/main.jsp HTTP/1.1" 200 2332
127.0.0.1 - - [23/May/2024:10:54:29 +0900] "GET / HTTP/1.1" 404 807
192.168.10.170 - - [23/May/2024:10:54:33 +0900] "GET /var/main.jsp HTTP/1.1" 200 2302
192.168.10.170 - - [23/May/2024:11:03:13 +0900] "GET /var/main.jsp HTTP/1.1" 200 2361
127.0.0.1 - - [23/May/2024:11:03:20 +0900] "GET / HTTP/1.1" 404 807
192.168.10.170 - - [23/May/2024:11:03:24 +0900] "GET /var/main.jsp HTTP/1.1" 200 2360
127.0.0.1 - - [23/May/2024:11:05:00 +0900] "GET / HTTP/1.1" 404 807
192.168.10.170 - - [23/May/2024:11:05:04 +0900] "GET /var/main.jsp HTTP/1.1" 200 2377
192.168.10.170 - - [23/May/2024:11:05:05 +0900] "GET /var/main.jsp HTTP/1.1" 200 2377
192.168.10.170 - - [23/May/2024:11:06:15 +0900] "GET /var/main.jsp HTTP/1.1" 200 2398
127.0.0.1 - - [23/May/2024:11:06:23 +0900] "GET / HTTP/1.1" 404 807
192.168.10.170 - - [23/May/2024:11:06:24 +0900] "GET /var/main.jsp HTTP/1.1" 200 2398
192.168.10.170 - - [23/May/2024:11:07:49 +0900] "GET /var/main.jsp HTTP/1.1" 200 2399
127.0.0.1 - - [23/May/2024:11:08:06 +0900] "GET / HTTP/1.1" 404 807
192.168.10.170 - - [23/May/2024:11:08:11 +0900] "GET /var/main.jsp HTTP/1.1" 200 2399
192.168.10.170 - - [23/May/2024:11:08:14 +0900] "GET /var/main.jsp HTTP/1.1" 200 2399
192.168.10.170 - - [23/May/2024:11:08:42 +0900] "GET /var/main.jsp HTTP/1.1" 200 2404
192.168.10.170 - - [23/May/2024:11:08:43 +0900] "GET /var/main.jsp HTTP/1.1" 200 2404
127.0.0.1 - - [23/May/2024:11:08:49 +0900] "GET / HTTP/1.1" 404 807
192.168.10.170 - - [23/May/2024:11:08:51 +0900] "GET /var/main.jsp HTTP/1.1" 200 2404
192.168.10.170 - - [23/May/2024:11:08:51 +0900] "GET /var/main.jsp HTTP/1.1" 200 2404
192.168.10.170 - - [23/May/2024:11:08:52 +0900] "GET /var/main.jsp HTTP/1.1" 200 2404
192.168.10.170 - - [23/May/2024:11:08:52 +0900] "GET /var/main.jsp HTTP/1.1" 200 2404
192.168.10.170 - - [23/May/2024:11:08:52 +0900] "GET /var/main.jsp HTTP/1.1" 200 2404
192.168.10.170 - - [23/May/2024:11:08:52 +0900] "GET /var/main.jsp HTTP/1.1" 200 2404
192.168.10.170 - - [23/May/2024:11:08:52 +0900] "GET /var/main.jsp HTTP/1.1" 200 2404
192.168.10.170 - - [23/May/2024:11:08:52 +0900] "GET /var/main.jsp HTTP/1.1" 200 2404
192.168.10.170 - - [23/May/2024:11:09:39 +0900] "GET /var/main.jsp HTTP/1.1" 200 2417
192.168.10.170 - - [23/May/2024:11:12:30 +0900] "GET /var/main.jsp HTTP/1.1" 200 2486
192.168.10.170 - - [23/May/2024:11:12:43 +0900] "GET /var/main.jsp HTTP/1.1" 200 2505
127.0.0.1 - - [23/May/2024:11:12:50 +0900] "GET / HTTP/1.1" 404 807
192.168.10.170 - - [23/May/2024:11:12:53 +0900] "GET /var/main.jsp HTTP/1.1" 200 2450
127.0.0.1 - - [23/May/2024:11:29:41 +0900] "GET / HTTP/1.1" 404 807
192.168.10.170 - - [23/May/2024:11:29:48 +0900] "GET /var/list HTTP/1.1" 500 23359
127.0.0.1 - - [23/May/2024:11:31:59 +0900] "GET / HTTP/1.1" 404 807
192.168.10.170 - - [23/May/2024:11:32:03 +0900] "GET /var/list HTTP/1.1" 500 23364
127.0.0.1 - - [23/May/2024:11:51:54 +0900] "GET / HTTP/1.1" 404 807
192.168.10.170 - - [23/May/2024:11:51:57 +0900] "GET /var/list HTTP/1.1" 404 721
127.0.0.1 - - [23/May/2024:11:53:00 +0900] "GET / HTTP/1.1" 404 807
127.0.0.1 - - [23/May/2024:11:53:30 +0900] "GET / HTTP/1.1" 404 807
192.168.10.170 - - [23/May/2024:11:53:32 +0900] "GET /var/list HTTP/1.1" 404 721
127.0.0.1 - - [23/May/2024:12:58:40 +0900] "GET / HTTP/1.1" 404 807
192.168.10.170 - - [23/May/2024:12:58:43 +0900] "GET /var/list HTTP/1.1" 500 15664
192.168.10.170 - - [23/May/2024:13:00:03 +0900] "GET /var/list HTTP/1.1" 500 15672
192.168.10.170 - - [23/May/2024:13:01:50 +0900] "GET /var/list HTTP/1.1" 500 15672
192.168.10.170 - - [23/May/2024:13:01:57 +0900] "GET /var/list HTTP/1.1" 500 15680
127.0.0.1 - - [23/May/2024:13:02:04 +0900] "GET / HTTP/1.1" 404 807
192.168.10.170 - - [23/May/2024:13:02:07 +0900] "GET /var/list HTTP/1.1" 500 15680
192.168.10.170 - - [23/May/2024:13:03:17 +0900] "GET /var/list HTTP/1.1" 500 15680
127.0.0.1 - - [23/May/2024:13:03:26 +0900] "GET / HTTP/1.1" 404 807
192.168.10.170 - - [23/May/2024:13:03:30 +0900] "GET /var/list HTTP/1.1" 500 10079
127.0.0.1 - - [23/May/2024:13:06:50 +0900] "GET / HTTP/1.1" 404 807
192.168.10.170 - - [23/May/2024:13:06:54 +0900] "GET /var/list HTTP/1.1" 200 576
127.0.0.1 - - [23/May/2024:14:12:12 +0900] "GET / HTTP/1.1" 404 807
192.168.10.170 - - [23/May/2024:14:12:16 +0900] "GET /var/list HTTP/1.1" 200 687
192.168.10.170 - - [23/May/2024:14:13:49 +0900] "GET /var/main HTTP/1.1" 404 721
192.168.10.170 - - [23/May/2024:14:13:54 +0900] "GET /var/main.jsp HTTP/1.1" 200 2452
192.168.10.170 - - [23/May/2024:14:13:55 +0900] "GET /var/loginmain.jsp HTTP/1.1" 200 844
192.168.10.170 - - [23/May/2024:14:13:58 +0900] "POST /var/login.jsp HTTP/1.1" 200 2901
192.168.10.170 - - [23/May/2024:14:14:01 +0900] "GET /STEST2/list HTTP/1.1" 404 822
127.0.0.1 - - [23/May/2024:14:16:46 +0900] "GET / HTTP/1.1" 404 807
192.168.10.170 - - [23/May/2024:14:16:56 +0900] "GET /STEST2/list HTTP/1.1" 404 822
127.0.0.1 - - [23/May/2024:14:17:22 +0900] "GET / HTTP/1.1" 404 807
192.168.10.170 - - [23/May/2024:14:17:27 +0900] "GET /STEST2/list HTTP/1.1" 404 822
127.0.0.1 - - [23/May/2024:14:18:07 +0900] "GET / HTTP/1.1" 404 807
192.168.10.170 - - [23/May/2024:14:18:09 +0900] "GET /STEST2/list HTTP/1.1" 404 822
192.168.10.170 - - [23/May/2024:14:18:10 +0900] "GET /STEST2/list HTTP/1.1" 404 822
192.168.10.170 - - [23/May/2024:14:18:10 +0900] "GET /STEST2/list HTTP/1.1" 404 822
192.168.10.170 - - [23/May/2024:14:18:10 +0900] "GET /STEST2/list HTTP/1.1" 404 822
192.168.10.170 - - [23/May/2024:14:18:10 +0900] "GET /STEST2/list HTTP/1.1" 404 822
192.168.10.170 - - [23/May/2024:14:18:12 +0900] "GET /STEST2/list HTTP/1.1" 404 822
192.168.10.170 - - [23/May/2024:14:19:31 +0900] "GET /list HTTP/1.1" 404 811
192.168.10.170 - - [23/May/2024:14:19:59 +0900] "GET /list HTTP/1.1" 404 811
192.168.10.170 - - [23/May/2024:14:19:59 +0900] "GET /list HTTP/1.1" 404 811
192.168.10.170 - - [23/May/2024:14:19:59 +0900] "GET /list HTTP/1.1" 404 811
192.168.10.170 - - [23/May/2024:14:19:59 +0900] "GET /list HTTP/1.1" 404 811
192.168.10.170 - - [23/May/2024:14:20:00 +0900] "GET /list HTTP/1.1" 404 811
192.168.10.170 - - [23/May/2024:14:20:00 +0900] "GET /list HTTP/1.1" 404 811
192.168.10.170 - - [23/May/2024:14:20:00 +0900] "GET /list HTTP/1.1" 404 811
192.168.10.170 - - [23/May/2024:14:20:05 +0900] "GET /var.list HTTP/1.1" 404 815
192.168.10.170 - - [23/May/2024:14:20:10 +0900] "GET /var/list HTTP/1.1" 200 687
192.168.10.170 - - [23/May/2024:14:20:15 +0900] "GET /var/main.jsp HTTP/1.1" 200 2452
192.168.10.170 - - [23/May/2024:14:20:15 +0900] "GET /var/loginmain.jsp HTTP/1.1" 200 844
192.168.10.170 - - [23/May/2024:14:20:18 +0900] "POST /var/login.jsp HTTP/1.1" 200 2889
192.168.10.170 - - [23/May/2024:14:20:23 +0900] "GET /var/list HTTP/1.1" 200 687
127.0.0.1 - - [23/May/2024:14:20:51 +0900] "GET / HTTP/1.1" 404 807
192.168.10.170 - - [23/May/2024:14:20:55 +0900] "GET /var/list HTTP/1.1" 200 687
192.168.10.170 - - [23/May/2024:14:21:03 +0900] "GET /var/list HTTP/1.1" 200 687
127.0.0.1 - - [23/May/2024:14:26:13 +0900] "GET / HTTP/1.1" 404 807
192.168.10.170 - - [23/May/2024:14:26:24 +0900] "GET /var/list HTTP/1.1" 200 795
127.0.0.1 - - [23/May/2024:14:27:12 +0900] "GET / HTTP/1.1" 404 807
192.168.10.170 - - [23/May/2024:14:27:17 +0900] "GET /var/list HTTP/1.1" 200 650
127.0.0.1 - - [23/May/2024:14:27:48 +0900] "GET / HTTP/1.1" 404 807
192.168.10.170 - - [23/May/2024:14:27:52 +0900] "GET /var/list HTTP/1.1" 200 691
192.168.10.170 - - [23/May/2024:14:27:53 +0900] "GET /var/list HTTP/1.1" 200 691
127.0.0.1 - - [23/May/2024:14:29:52 +0900] "GET / HTTP/1.1" 404 807
192.168.10.170 - - [23/May/2024:14:29:57 +0900] "GET /var/list HTTP/1.1" 200 755
192.168.10.170 - - [23/May/2024:14:30:19 +0900] "GET /var/list HTTP/1.1" 200 772
127.0.0.1 - - [23/May/2024:14:30:28 +0900] "GET / HTTP/1.1" 404 807
192.168.10.170 - - [23/May/2024:14:30:32 +0900] "GET /var/list HTTP/1.1" 200 772
192.168.10.170 - - [23/May/2024:14:30:58 +0900] "GET /var/list HTTP/1.1" 200 766
192.168.10.170 - - [23/May/2024:14:32:47 +0900] "GET /var/list HTTP/1.1" 200 810
192.168.10.170 - - [23/May/2024:14:33:18 +0900] "GET /var/list HTTP/1.1" 200 810
192.168.10.170 - - [23/May/2024:14:33:22 +0900] "GET /var/list HTTP/1.1" 200 810
192.168.10.170 - - [23/May/2024:14:33:34 +0900] "GET /var/list HTTP/1.1" 200 834
127.0.0.1 - - [23/May/2024:14:36:50 +0900] "GET / HTTP/1.1" 404 807
192.168.10.170 - - [23/May/2024:14:36:53 +0900] "GET /var/main.jsp HTTP/1.1" 200 2452
192.168.10.170 - - [23/May/2024:14:36:54 +0900] "GET /var/loginmain.jsp HTTP/1.1" 200 844
192.168.10.170 - - [23/May/2024:14:36:58 +0900] "POST /var/login.jsp HTTP/1.1" 200 2894
192.168.10.170 - - [23/May/2024:14:37:01 +0900] "GET /user/var/list HTTP/1.1" 404 828
192.168.10.170 - - [23/May/2024:14:37:47 +0900] "GET /user/var/list HTTP/1.1" 404 828
192.168.10.170 - - [23/May/2024:14:37:52 +0900] "GET /user/var/list HTTP/1.1" 404 828
127.0.0.1 - - [23/May/2024:14:38:01 +0900] "GET / HTTP/1.1" 404 807
192.168.10.170 - - [23/May/2024:14:38:05 +0900] "POST /var/login.jsp HTTP/1.1" 200 2894
192.168.10.170 - - [23/May/2024:14:38:08 +0900] "GET /var/user/list HTTP/1.1" 404 721
127.0.0.1 - - [23/May/2024:14:39:06 +0900] "GET / HTTP/1.1" 404 807
192.168.10.170 - - [23/May/2024:14:39:13 +0900] "GET /var/main.jsp HTTP/1.1" 200 2452
192.168.10.170 - - [23/May/2024:14:39:14 +0900] "GET /var/loginmain.jsp HTTP/1.1" 200 844
192.168.10.170 - - [23/May/2024:14:39:17 +0900] "POST /var/login.jsp HTTP/1.1" 200 2885
192.168.10.170 - - [23/May/2024:14:39:19 +0900] "GET /list HTTP/1.1" 404 811
127.0.0.1 - - [23/May/2024:14:39:34 +0900] "GET / HTTP/1.1" 404 807
192.168.10.170 - - [23/May/2024:14:39:36 +0900] "GET /list HTTP/1.1" 404 811
192.168.10.170 - - [23/May/2024:14:39:49 +0900] "GET /var/main.jsp HTTP/1.1" 200 2452
192.168.10.170 - - [23/May/2024:14:39:50 +0900] "GET /var/loginmain.jsp HTTP/1.1" 200 844
192.168.10.170 - - [23/May/2024:14:39:53 +0900] "POST /var/login.jsp HTTP/1.1" 200 2889
192.168.10.170 - - [23/May/2024:14:39:57 +0900] "GET /var/list HTTP/1.1" 200 687
192.168.10.170 - - [23/May/2024:14:40:42 +0900] "GET /var/list HTTP/1.1" 200 687
127.0.0.1 - - [23/May/2024:14:40:50 +0900] "GET / HTTP/1.1" 404 807
192.168.10.170 - - [23/May/2024:14:40:55 +0900] "GET /var/list HTTP/1.1" 200 687
192.168.10.170 - - [23/May/2024:14:41:21 +0900] "GET /var/list HTTP/1.1" 200 899
192.168.10.170 - - [23/May/2024:14:41:33 +0900] "GET /var/list HTTP/1.1" 200 899
127.0.0.1 - - [23/May/2024:14:41:49 +0900] "GET / HTTP/1.1" 404 807
192.168.10.170 - - [23/May/2024:14:41:54 +0900] "POST /var/login.jsp HTTP/1.1" 200 2884
192.168.10.170 - - [23/May/2024:14:41:57 +0900] "GET /var/list HTTP/1.1" 200 899
192.168.10.170 - - [23/May/2024:14:42:49 +0900] "GET /var/list HTTP/1.1" 200 862
192.168.10.170 - - [23/May/2024:14:42:50 +0900] "GET /var/list HTTP/1.1" 200 862
192.168.10.170 - - [23/May/2024:14:42:50 +0900] "GET /var/list HTTP/1.1" 200 862
192.168.10.170 - - [23/May/2024:14:42:50 +0900] "GET /var/list HTTP/1.1" 200 862
192.168.10.170 - - [23/May/2024:14:42:50 +0900] "GET /var/list HTTP/1.1" 200 862
192.168.10.170 - - [23/May/2024:14:42:50 +0900] "GET /var/list HTTP/1.1" 200 862
192.168.10.170 - - [23/May/2024:14:43:36 +0900] "GET /var/list HTTP/1.1" 200 900
127.0.0.1 - - [23/May/2024:14:43:46 +0900] "GET / HTTP/1.1" 404 807
192.168.10.170 - - [23/May/2024:14:43:50 +0900] "GET /var/list HTTP/1.1" 200 900
192.168.10.170 - - [23/May/2024:14:44:10 +0900] "GET /var/list HTTP/1.1" 200 900
192.168.10.170 - - [23/May/2024:14:44:11 +0900] "GET /var/list HTTP/1.1" 200 900
192.168.10.170 - - [23/May/2024:14:44:11 +0900] "GET /var/list HTTP/1.1" 200 900
192.168.10.170 - - [23/May/2024:14:44:11 +0900] "GET /var/list HTTP/1.1" 200 900
192.168.10.170 - - [23/May/2024:14:44:11 +0900] "GET /var/list HTTP/1.1" 200 900
127.0.0.1 - - [23/May/2024:14:44:20 +0900] "GET / HTTP/1.1" 404 807
192.168.10.170 - - [23/May/2024:14:44:24 +0900] "GET /var/list HTTP/1.1" 200 876
192.168.10.170 - - [23/May/2024:14:45:10 +0900] "GET /var/list HTTP/1.1" 200 909
192.168.10.170 - - [23/May/2024:14:45:19 +0900] "GET /var/list HTTP/1.1" 200 909
192.168.10.170 - - [23/May/2024:14:45:32 +0900] "GET /var/list HTTP/1.1" 200 909
192.168.10.170 - - [23/May/2024:14:45:33 +0900] "GET /var/list HTTP/1.1" 200 909
192.168.10.170 - - [23/May/2024:14:45:33 +0900] "GET /var/list HTTP/1.1" 200 909
192.168.10.170 - - [23/May/2024:14:45:33 +0900] "GET /var/list HTTP/1.1" 200 909
192.168.10.170 - - [23/May/2024:14:45:33 +0900] "GET /var/list HTTP/1.1" 200 909
192.168.10.170 - - [23/May/2024:14:45:33 +0900] "GET /var/list HTTP/1.1" 200 909
127.0.0.1 - - [23/May/2024:14:45:41 +0900] "GET / HTTP/1.1" 404 807
192.168.10.170 - - [23/May/2024:14:45:49 +0900] "GET /var/list HTTP/1.1" 200 908
192.168.10.170 - - [23/May/2024:14:46:31 +0900] "GET /var/list HTTP/1.1" 200 908
192.168.10.170 - - [23/May/2024:14:46:31 +0900] "GET /var/list HTTP/1.1" 200 908
192.168.10.170 - - [23/May/2024:14:46:31 +0900] "GET /var/list HTTP/1.1" 200 908
192.168.10.170 - - [23/May/2024:14:46:32 +0900] "GET /var/list HTTP/1.1" 200 908
127.0.0.1 - - [23/May/2024:14:46:39 +0900] "GET / HTTP/1.1" 404 807
192.168.10.170 - - [23/May/2024:14:46:44 +0900] "GET /var/list HTTP/1.1" 200 872
192.168.10.170 - - [23/May/2024:14:47:07 +0900] "GET /var/list HTTP/1.1" 200 913
127.0.0.1 - - [23/May/2024:14:47:41 +0900] "GET / HTTP/1.1" 404 807
192.168.10.170 - - [23/May/2024:14:47:46 +0900] "GET /var/list HTTP/1.1" 200 904
127.0.0.1 - - [23/May/2024:14:47:59 +0900] "GET / HTTP/1.1" 404 807
192.168.10.170 - - [23/May/2024:14:48:04 +0900] "GET /var/list HTTP/1.1" 200 903
127.0.0.1 - - [23/May/2024:15:03:17 +0900] "GET / HTTP/1.1" 404 807
192.168.10.170 - - [23/May/2024:15:03:21 +0900] "POST /var/login.jsp HTTP/1.1" 200 2961
127.0.0.1 - - [23/May/2024:15:04:11 +0900] "GET / HTTP/1.1" 404 807
192.168.10.170 - - [23/May/2024:15:04:17 +0900] "POST /var/login.jsp HTTP/1.1" 200 2953
192.168.10.170 - - [23/May/2024:15:04:21 +0900] "GET /var/join?lnkDt=join HTTP/1.1" 404 721
192.168.10.170 - - [23/May/2024:15:04:46 +0900] "GET /var/list?lnkDt=list HTTP/1.1" 200 866
192.168.10.170 - - [23/May/2024:15:05:45 +0900] "GET /var/join?lnkDt=join HTTP/1.1" 404 721
192.168.10.170 - - [23/May/2024:15:05:58 +0900] "GET /var/list?lnkDt=list HTTP/1.1" 200 866
192.168.10.170 - - [23/May/2024:15:06:03 +0900] "GET /var/join?lnkDt=join HTTP/1.1" 404 721
192.168.10.170 - - [23/May/2024:15:06:58 +0900] "GET /var/main.jsp HTTP/1.1" 200 2455
192.168.10.170 - - [23/May/2024:15:07:00 +0900] "GET /var/loginmain.jsp HTTP/1.1" 200 844
192.168.10.170 - - [23/May/2024:15:07:03 +0900] "GET /var/join?lnkDt=join HTTP/1.1" 404 721
192.168.10.170 - - [23/May/2024:15:07:07 +0900] "GET /var/loginmain.jsp HTTP/1.1" 200 844
192.168.10.170 - - [23/May/2024:15:07:10 +0900] "POST /var/login.jsp HTTP/1.1" 200 2953
192.168.10.170 - - [23/May/2024:15:07:15 +0900] "GET /var/list?lnkDt=list HTTP/1.1" 200 866
192.168.10.170 - - [23/May/2024:15:07:38 +0900] "GET /var/list?lnkDt=list HTTP/1.1" 200 866
192.168.10.170 - - [23/May/2024:15:07:43 +0900] "GET /var/join?lnkDt=join HTTP/1.1" 404 721
192.168.10.170 - - [23/May/2024:15:07:49 +0900] "GET /var/join?lnkDt=join HTTP/1.1" 404 721
127.0.0.1 - - [23/May/2024:15:08:10 +0900] "GET / HTTP/1.1" 404 807
192.168.10.170 - - [23/May/2024:15:08:15 +0900] "POST /var/login.jsp HTTP/1.1" 200 2953
192.168.10.170 - - [23/May/2024:15:08:17 +0900] "GET /var/join?lnkDt=join HTTP/1.1" 404 721
192.168.10.170 - - [23/May/2024:15:09:16 +0900] "GET /var/join?lnkDt=join HTTP/1.1" 404 721
192.168.10.170 - - [23/May/2024:15:10:26 +0900] "GET /var/join?lnkDt=join HTTP/1.1" 404 721
127.0.0.1 - - [23/May/2024:15:10:40 +0900] "GET / HTTP/1.1" 404 807
192.168.10.170 - - [23/May/2024:15:10:41 +0900] "GET /var/main.jsp HTTP/1.1" 200 2455
192.168.10.170 - - [23/May/2024:15:10:46 +0900] "GET /var/join?lnkDt=join HTTP/1.1" 404 721
192.168.10.170 - - [23/May/2024:15:11:03 +0900] "GET /var/loginmain.jsp HTTP/1.1" 200 844
192.168.10.170 - - [23/May/2024:15:11:07 +0900] "POST /var/login.jsp HTTP/1.1" 200 2953
192.168.10.170 - - [23/May/2024:15:11:13 +0900] "GET /var/join?lnkDt=join HTTP/1.1" 404 721
192.168.10.170 - - [23/May/2024:15:11:16 +0900] "GET /var/list?lnkDt=list HTTP/1.1" 200 866
127.0.0.1 - - [23/May/2024:15:13:35 +0900] "GET / HTTP/1.1" 404 807
192.168.10.170 - - [23/May/2024:15:13:42 +0900] "GET /var/main.jsp HTTP/1.1" 200 2455
192.168.10.170 - - [23/May/2024:15:13:47 +0900] "GET /var/join?lnkDt=join HTTP/1.1" 404 721
192.168.10.170 - - [23/May/2024:15:15:11 +0900] "GET /var/loginmain.jsp HTTP/1.1" 200 844
192.168.10.170 - - [23/May/2024:15:15:14 +0900] "POST /var/login.jsp HTTP/1.1" 200 2953
192.168.10.170 - - [23/May/2024:15:15:17 +0900] "GET /var/list?lnkDt=list HTTP/1.1" 200 866
192.168.10.170 - - [23/May/2024:15:18:15 +0900] "GET /var/join?lnkDt=join HTTP/1.1" 500 11026
192.168.10.170 - - [23/May/2024:15:18:35 +0900] "GET /var/join?lnkDt=join HTTP/1.1" 404 721
192.168.10.170 - - [23/May/2024:15:18:41 +0900] "GET /var/list?lnkDt=list HTTP/1.1" 200 866
192.168.10.170 - - [23/May/2024:15:19:21 +0900] "GET /var/join?lnkDt=join HTTP/1.1" 404 721
192.168.10.170 - - [23/May/2024:15:19:24 +0900] "GET /var/list?lnkDt=list HTTP/1.1" 200 866
127.0.0.1 - - [23/May/2024:15:19:35 +0900] "GET / HTTP/1.1" 404 807
192.168.10.170 - - [23/May/2024:15:19:39 +0900] "GET /var/list?lnkDt=list HTTP/1.1" 200 866
192.168.10.170 - - [23/May/2024:15:19:46 +0900] "GET /var/join?lnkDt=join HTTP/1.1" 404 721
127.0.0.1 - - [23/May/2024:15:20:49 +0900] "GET / HTTP/1.1" 404 807
192.168.10.170 - - [23/May/2024:15:20:55 +0900] "GET /var/list?lnkDt=list HTTP/1.1" 200 866
192.168.10.170 - - [23/May/2024:15:20:58 +0900] "GET /var/join?lnkDt=join HTTP/1.1" 200 866
127.0.0.1 - - [23/May/2024:15:30:00 +0900] "GET / HTTP/1.1" 404 807
192.168.10.170 - - [23/May/2024:15:30:12 +0900] "GET /var/join?lnkDt=join HTTP/1.1" 200 866
192.168.10.170 - - [23/May/2024:15:47:09 +0900] "GET /var/join?lnkDt=join HTTP/1.1" 500 4348
192.168.10.170 - - [23/May/2024:15:50:44 +0900] "GET /var/join?lnkDt=join HTTP/1.1" 200 2093
127.0.0.1 - - [23/May/2024:16:20:42 +0900] "GET / HTTP/1.1" 404 807
192.168.10.170 - - [23/May/2024:16:20:46 +0900] "GET /var/join?lnkDt=join HTTP/1.1" 200 2169
192.168.10.170 - - [23/May/2024:16:22:41 +0900] "GET /var/join?lnkDt=join HTTP/1.1" 200 2896
127.0.0.1 - - [23/May/2024:16:22:51 +0900] "GET / HTTP/1.1" 404 807
192.168.10.170 - - [23/May/2024:16:22:54 +0900] "GET /var/join?lnkDt=join HTTP/1.1" 200 2896
192.168.10.170 - - [23/May/2024:16:24:01 +0900] "GET /var/join?lnkDt=join HTTP/1.1" 200 2206
192.168.10.170 - - [23/May/2024:16:24:24 +0900] "GET /var/join?lnkDt=join HTTP/1.1" 200 2206
192.168.10.170 - - [23/May/2024:16:24:44 +0900] "GET /var/join?lnkDt=join HTTP/1.1" 200 2206
192.168.10.170 - - [23/May/2024:16:24:45 +0900] "GET /var/join?lnkDt=join HTTP/1.1" 200 2206
192.168.10.170 - - [23/May/2024:16:24:45 +0900] "GET /var/join?lnkDt=join HTTP/1.1" 200 2206
192.168.10.170 - - [23/May/2024:16:24:46 +0900] "GET /var/join?lnkDt=join HTTP/1.1" 200 2206
192.168.10.170 - - [23/May/2024:16:24:46 +0900] "GET /var/join?lnkDt=join HTTP/1.1" 200 2206
192.168.10.170 - - [23/May/2024:16:24:46 +0900] "GET /var/join?lnkDt=join HTTP/1.1" 200 2206
192.168.10.170 - - [23/May/2024:16:24:49 +0900] "GET /var/join?lnkDt=join HTTP/1.1" 200 2206
192.168.10.170 - - [23/May/2024:16:24:54 +0900] "GET /var/join?lnkDt=join HTTP/1.1" 200 2204
192.168.10.170 - - [23/May/2024:16:25:17 +0900] "GET /var/join?lnkDt=join HTTP/1.1" 200 2188
192.168.10.170 - - [23/May/2024:16:25:42 +0900] "GET /var/join?lnkDt=join HTTP/1.1" 200 2204
192.168.10.170 - - [23/May/2024:16:26:59 +0900] "GET /var/join?lnkDt=join HTTP/1.1" 200 2237
192.168.10.170 - - [23/May/2024:16:28:23 +0900] "GET /var/join?lnkDt=join HTTP/1.1" 200 2076
192.168.10.170 - - [23/May/2024:16:29:15 +0900] "GET /var/join?lnkDt=join HTTP/1.1" 200 2107
192.168.10.170 - - [23/May/2024:16:29:33 +0900] "GET /var/join?lnkDt=join HTTP/1.1" 200 2129
192.168.10.170 - - [23/May/2024:16:29:58 +0900] "GET /var/join?lnkDt=join HTTP/1.1" 200 2173
192.168.10.170 - - [23/May/2024:16:29:58 +0900] "GET /var/join?lnkDt=join HTTP/1.1" 200 2173
192.168.10.170 - - [23/May/2024:16:32:01 +0900] "GET /var/join?lnkDt=join HTTP/1.1" 200 2466
192.168.10.170 - - [23/May/2024:16:32:27 +0900] "GET /var/join?lnkDt=join HTTP/1.1" 200 2575
192.168.10.170 - - [23/May/2024:16:32:45 +0900] "GET /var/join?lnkDt=join HTTP/1.1" 200 2586
192.168.10.170 - - [23/May/2024:16:38:52 +0900] "GET /var/main.jsp HTTP/1.1" 200 2455
192.168.10.170 - - [23/May/2024:16:38:54 +0900] "GET /var/loginmain.jsp HTTP/1.1" 200 844
192.168.10.170 - - [23/May/2024:16:38:59 +0900] "POST /var/login.jsp HTTP/1.1" 200 2953
192.168.10.170 - - [23/May/2024:16:39:02 +0900] "GET /var/list?lnkDt=list HTTP/1.1" 200 879
127.0.0.1 - - [23/May/2024:16:40:10 +0900] "GET / HTTP/1.1" 404 807
192.168.10.170 - - [23/May/2024:16:40:12 +0900] "GET /var/main.jsp HTTP/1.1" 200 2455
192.168.10.170 - - [23/May/2024:16:40:14 +0900] "GET /var/loginmain.jsp HTTP/1.1" 200 844
192.168.10.170 - - [23/May/2024:16:40:17 +0900] "POST /var/login.jsp HTTP/1.1" 200 2953
192.168.10.170 - - [23/May/2024:16:40:21 +0900] "GET /var/list?lnkDt=list HTTP/1.1" 500 15439
127.0.0.1 - - [23/May/2024:16:41:33 +0900] "GET / HTTP/1.1" 404 807
192.168.10.170 - - [23/May/2024:16:41:37 +0900] "GET /var/list?lnkDt=list HTTP/1.1" 200 517
127.0.0.1 - - [23/May/2024:16:44:16 +0900] "GET / HTTP/1.1" 404 807
192.168.10.170 - - [23/May/2024:16:44:20 +0900] "GET /var/list?lnkDt=list HTTP/1.1" 500 5691
127.0.0.1 - - [23/May/2024:16:45:04 +0900] "GET / HTTP/1.1" 404 807
192.168.10.170 - - [23/May/2024:16:45:08 +0900] "GET /var/list?lnkDt=list HTTP/1.1" 200 526
192.168.10.170 - - [23/May/2024:16:45:17 +0900] "GET /var/join?lnkDt=join HTTP/1.1" 200 2814
192.168.10.170 - - [23/May/2024:16:49:32 +0900] "GET /var/join?lnkDt=join HTTP/1.1" 200 3098
192.168.10.170 - - [23/May/2024:16:49:56 +0900] "GET /var/join?lnkDt=join HTTP/1.1" 200 3098
192.168.10.170 - - [23/May/2024:16:49:56 +0900] "GET /var/join?lnkDt=join HTTP/1.1" 200 3098
192.168.10.170 - - [23/May/2024:16:50:23 +0900] "GET /var/join?lnkDt=join HTTP/1.1" 200 3086
192.168.10.170 - - [23/May/2024:16:51:16 +0900] "GET /var/join?lnkDt=join HTTP/1.1" 200 3086
192.168.10.170 - - [23/May/2024:16:51:17 +0900] "GET /var/join?lnkDt=join HTTP/1.1" 200 3086
192.168.10.170 - - [23/May/2024:16:51:59 +0900] "GET /member/register?userId=&userPass=&userPass=&userPass=&userPass= HTTP/1.1" 404 826
192.168.10.170 - - [23/May/2024:16:54:51 +0900] "GET /var/join?lnkDt=join HTTP/1.1" 200 3098
192.168.10.170 - - [23/May/2024:16:55:53 +0900] "GET /var/join?lnkDt=join HTTP/1.1" 200 2960
192.168.10.170 - - [23/May/2024:16:56:23 +0900] "GET /var/join?lnkDt=join HTTP/1.1" 200 2960
192.168.10.170 - - [23/May/2024:16:56:25 +0900] "GET /var/join?lnkDt=join HTTP/1.1" 200 2960
192.168.10.170 - - [23/May/2024:16:56:25 +0900] "GET /var/join?lnkDt=join HTTP/1.1" 200 2960
192.168.10.170 - - [23/May/2024:16:56:25 +0900] "GET /var/join?lnkDt=join HTTP/1.1" 200 2960
192.168.10.170 - - [23/May/2024:16:56:26 +0900] "GET /var/join?lnkDt=join HTTP/1.1" 200 2960
192.168.10.170 - - [23/May/2024:16:56:26 +0900] "GET /var/join?lnkDt=join HTTP/1.1" 200 2960
192.168.10.170 - - [23/May/2024:16:57:29 +0900] "GET /var/join?lnkDt=join HTTP/1.1" 200 2834
192.168.10.170 - - [23/May/2024:16:59:32 +0900] "GET /var/join?lnkDt=join HTTP/1.1" 200 2940
192.168.10.170 - - [23/May/2024:17:00:17 +0900] "GET /var/join?lnkDt=join HTTP/1.1" 200 2963
192.168.10.170 - - [23/May/2024:17:00:19 +0900] "GET /var/join?lnkDt=join HTTP/1.1" 200 2963
192.168.10.170 - - [23/May/2024:17:00:19 +0900] "GET /var/join?lnkDt=join HTTP/1.1" 200 2963
192.168.10.170 - - [23/May/2024:17:00:20 +0900] "GET /var/join?lnkDt=join HTTP/1.1" 200 2963
192.168.10.170 - - [23/May/2024:17:00:20 +0900] "GET /var/join?lnkDt=join HTTP/1.1" 200 2963
192.168.10.170 - - [23/May/2024:17:00:20 +0900] "GET /var/join?lnkDt=join HTTP/1.1" 200 2963
192.168.10.170 - - [23/May/2024:17:00:20 +0900] "GET /var/join?lnkDt=join HTTP/1.1" 200 2963
192.168.10.170 - - [23/May/2024:17:00:31 +0900] "GET /var/join?lnkDt=join HTTP/1.1" 200 3023
192.168.10.170 - - [23/May/2024:17:00:45 +0900] "GET /var/join?lnkDt=join HTTP/1.1" 200 3023
192.168.10.170 - - [23/May/2024:17:01:52 +0900] "GET /var/join?lnkDt=join HTTP/1.1" 200 3044
127.0.0.1 - - [23/May/2024:17:11:36 +0900] "GET / HTTP/1.1" 404 807
192.168.10.170 - - [23/May/2024:17:12:11 +0900] "GET /var/main.jsp HTTP/1.1" 200 2455
192.168.10.170 - - [23/May/2024:17:12:12 +0900] "GET /var/loginmain.jsp HTTP/1.1" 200 844
192.168.10.170 - - [23/May/2024:17:12:17 +0900] "POST /var/login.jsp HTTP/1.1" 200 2953
192.168.10.170 - - [23/May/2024:17:12:20 +0900] "GET /var/list?lnkDt=list HTTP/1.1" 200 526
192.168.10.170 - - [23/May/2024:17:13:44 +0900] "GET /var/join?lnkDt=join HTTP/1.1" 200 3655
192.168.10.170 - - [23/May/2024:17:14:05 +0900] "GET /var/join?lnkDt=join HTTP/1.1" 200 3623
192.168.10.170 - - [23/May/2024:17:14:27 +0900] "GET /var/join?userId=userone02&userPass=pirate02&userPassCheck=pirate02&userAddr=%EC%84%9C%EC%9A%B8%EC%8B%9C+%EA%B5%AC%EB%A1%9C%EA%B5%AC+%EB%8F%84%EB%A6%BC%EB%A1%9C20%EA%B8%B8+14-0&userName=%EC%9C%A0%EC%A0%802 HTTP/1.1" 200 3623
192.168.10.170 - - [23/May/2024:17:15:26 +0900] "GET /var/list?lnkDt=list HTTP/1.1" 200 526
192.168.10.170 - - [23/May/2024:17:15:32 +0900] "GET /var/list?lnkDt=list HTTP/1.1" 200 526
192.168.10.170 - - [23/May/2024:17:17:22 +0900] "GET /var/join?userId=&userPass=&userPassCheck=&userAddr=&userName= HTTP/1.1" 200 3508
192.168.10.170 - - [23/May/2024:17:17:24 +0900] "GET /var/join?userId=&userPass=&userPassCheck=&userAddr=&userName= HTTP/1.1" 200 3508
192.168.10.170 - - [23/May/2024:17:17:24 +0900] "GET /var/join?userId=&userPass=&userPassCheck=&userAddr=&userName= HTTP/1.1" 200 3508
192.168.10.170 - - [23/May/2024:17:17:25 +0900] "GET /var/join?userId=&userPass=&userPassCheck=&userAddr=&userName= HTTP/1.1" 200 3508
192.168.10.170 - - [23/May/2024:17:17:25 +0900] "GET /var/join?userId=&userPass=&userPassCheck=&userAddr=&userName= HTTP/1.1" 200 3508
192.168.10.170 - - [23/May/2024:17:17:57 +0900] "GET /var/join?userId=&userPass=&userPassCheck=&userAddr=&userName= HTTP/1.1" 200 3492
192.168.10.170 - - [23/May/2024:17:19:14 +0900] "GET /var/join?userId=&userPass=&userPassCheck=&userAddr=&userName= HTTP/1.1" 200 3492
192.168.10.170 - - [23/May/2024:17:20:14 +0900] "GET /var/join?userId=userone02&userPass=pirate02&userPassCheck=pirate02&userAddr=%EC%84%9C%EC%9A%B8%EC%8B%9C+%EA%B5%AC%EB%A1%9C%EA%B5%AC+%EB%8F%84%EB%A6%BC%EB%A1%9C20%EA%B8%B8+14-0&userName=%EC%9C%A0%EC%A0%802 HTTP/1.1" 200 3492
127.0.0.1 - - [23/May/2024:17:20:55 +0900] "GET / HTTP/1.1" 404 807
192.168.10.170 - - [23/May/2024:17:22:00 +0900] "GET /var/join?userId=userone02&userPass=pirate02&userPassCheck=pirate02&userAddr=%EC%84%9C%EC%9A%B8%EC%8B%9C+%EA%B5%AC%EB%A1%9C%EA%B5%AC+%EB%8F%84%EB%A6%BC%EB%A1%9C20%EA%B8%B8+14-0&userName=%EC%9C%A0%EC%A0%802 HTTP/1.1" 200 3488
192.168.10.170 - - [23/May/2024:17:22:06 +0900] "GET /var/list?lnkDt=list HTTP/1.1" 200 526
192.168.10.170 - - [23/May/2024:17:22:07 +0900] "GET /var/list?lnkDt=list HTTP/1.1" 200 526
192.168.10.170 - - [23/May/2024:17:22:08 +0900] "GET /var/list?lnkDt=list HTTP/1.1" 200 526
192.168.10.170 - - [23/May/2024:17:22:08 +0900] "GET /var/list?lnkDt=list HTTP/1.1" 200 526
192.168.10.170 - - [23/May/2024:17:22:08 +0900] "GET /var/list?lnkDt=list HTTP/1.1" 200 526
192.168.10.170 - - [23/May/2024:17:22:08 +0900] "GET /var/list?lnkDt=list HTTP/1.1" 200 526
192.168.10.170 - - [23/May/2024:17:24:10 +0900] "GET /join?userId=&userPass=&userPassCheck=&userAddr=&userName= HTTP/1.1" 404 811
192.168.10.170 - - [23/May/2024:17:26:40 +0900] "GET /var/join?userId=userone02&userPass=pirate02&userPassCheck=pirate02&userAddr=%EC%84%9C%EC%9A%B8%EC%8B%9C+%EA%B5%AC%EB%A1%9C%EA%B5%AC+%EB%8F%84%EB%A6%BC%EB%A1%9C20%EA%B8%B8+14-0&userName=%EC%9C%A0%EC%A0%802 HTTP/1.1" 200 3777
192.168.10.170 - - [23/May/2024:17:27:28 +0900] "GET /join?userId=userone02&userPass=pirate02&userPassCheck=pirate02&userAddr=%EC%84%9C%EC%9A%B8%EC%8B%9C+%EA%B5%AC%EB%A1%9C%EA%B5%AC+%EB%8F%84%EB%A6%BC%EB%A1%9C20%EA%B8%B8+14-0&userName=%EC%9C%A0%EC%A0%802&userCall=01040400202 HTTP/1.1" 404 811
127.0.0.1 - - [23/May/2024:17:30:11 +0900] "GET / HTTP/1.1" 404 807
192.168.10.170 - - [23/May/2024:17:30:18 +0900] "GET /join?userId=userone02&userPass=pirate02&userPassCheck=pirate02&userAddr=%EC%84%9C%EC%9A%B8%EC%8B%9C+%EA%B5%AC%EB%A1%9C%EA%B5%AC+%EB%8F%84%EB%A6%BC%EB%A1%9C20%EA%B8%B8+14-0&userName=%EC%9C%A0%EC%A0%802&userCall=01040400202 HTTP/1.1" 404 811
192.168.10.170 - - [23/May/2024:17:30:22 +0900] "GET /join?userId=userone02&userPass=pirate02&userPassCheck=pirate02&userAddr=%EC%84%9C%EC%9A%B8%EC%8B%9C+%EA%B5%AC%EB%A1%9C%EA%B5%AC+%EB%8F%84%EB%A6%BC%EB%A1%9C20%EA%B8%B8+14-0&userName=%EC%9C%A0%EC%A0%802&userCall=01040400202 HTTP/1.1" 404 811
192.168.10.170 - - [23/May/2024:17:30:24 +0900] "GET /join?userId=userone02&userPass=pirate02&userPassCheck=pirate02&userAddr=%EC%84%9C%EC%9A%B8%EC%8B%9C+%EA%B5%AC%EB%A1%9C%EA%B5%AC+%EB%8F%84%EB%A6%BC%EB%A1%9C20%EA%B8%B8+14-0&userName=%EC%9C%A0%EC%A0%802&userCall=01040400202 HTTP/1.1" 404 811
192.168.10.170 - - [23/May/2024:17:31:13 +0900] "GET /var/list?lnkDt=list HTTP/1.1" 200 526
127.0.0.1 - - [23/May/2024:17:32:38 +0900] "GET / HTTP/1.1" 404 807
192.168.10.170 - - [23/May/2024:17:32:51 +0900] "GET /var/main.jsp HTTP/1.1" 200 2455
192.168.10.170 - - [23/May/2024:17:32:53 +0900] "GET /var/loginmain.jsp HTTP/1.1" 200 844
192.168.10.170 - - [23/May/2024:17:32:56 +0900] "POST /var/login.jsp HTTP/1.1" 200 2953
192.168.10.170 - - [23/May/2024:17:33:02 +0900] "GET /var/join?lnkDt=join HTTP/1.1" 200 3361
192.168.10.170 - - [23/May/2024:17:33:05 +0900] "GET /var/join?lnkDt=join HTTP/1.1" 200 3361
192.168.10.170 - - [23/May/2024:17:33:24 +0900] "GET /user/join?userId=userone02&userPass=pirate02&userPassCheck=pirate02&userAddr=%EC%84%9C%EC%9A%B8%EC%8B%9C+%EA%B5%AC%EB%A1%9C%EA%B5%AC+%EB%8F%84%EB%A6%BC%EB%A1%9C20%EA%B8%B8+14-0&userName=%EC%9C%A0%EC%A0%802&userCall=01040400202 HTTP/1.1" 404 820
127.0.0.1 - - [23/May/2024:17:34:56 +0900] "GET / HTTP/1.1" 404 807
192.168.10.170 - - [23/May/2024:17:35:01 +0900] "GET /var/main.jsp HTTP/1.1" 200 2455
192.168.10.170 - - [23/May/2024:17:35:04 +0900] "GET /var/join?lnkDt=join HTTP/1.1" 500 4390
192.168.10.170 - - [23/May/2024:17:35:38 +0900] "GET /var/join?lnkDt=join HTTP/1.1" 500 4390
192.168.10.170 - - [23/May/2024:17:35:51 +0900] "GET /var/main.jsp HTTP/1.1" 200 2455
192.168.10.170 - - [23/May/2024:17:35:53 +0900] "GET /var/join?lnkDt=join HTTP/1.1" 200 3361
192.168.10.170 - - [23/May/2024:17:36:11 +0900] "GET /user/join?userId=userone02&userPass=pirate02&userPassCheck=pirate02&userAddr=%EC%84%9C%EC%9A%B8%EC%8B%9C+%EA%B5%AC%EB%A1%9C%EA%B5%AC+%EB%8F%84%EB%A6%BC%EB%A1%9C20%EA%B8%B8+14-0&userName=%EC%9C%A0%EC%A0%802&userCall=01040400202 HTTP/1.1" 404 820
192.168.10.170 - - [23/May/2024:17:36:31 +0900] "GET /var/list?lnkDt=list HTTP/1.1" 200 526
127.0.0.1 - - [23/May/2024:17:47:55 +0900] "GET / HTTP/1.1" 404 807
192.168.10.170 - - [23/May/2024:17:47:57 +0900] "GET /user/join?userId=userone02&userPass=pirate02&userPassCheck=pirate02&userAddr=%EC%84%9C%EC%9A%B8%EC%8B%9C+%EA%B5%AC%EB%A1%9C%EA%B5%AC+%EB%8F%84%EB%A6%BC%EB%A1%9C20%EA%B8%B8+14-0&userName=%EC%9C%A0%EC%A0%802&userCall=01040400202 HTTP/1.1" 404 820
192.168.10.170 - - [23/May/2024:17:48:05 +0900] "GET /var/main.jsp HTTP/1.1" 200 2455
192.168.10.170 - - [23/May/2024:17:48:09 +0900] "GET /var/join?lnkDt=join HTTP/1.1" 200 3361
192.168.10.170 - - [23/May/2024:17:48:25 +0900] "GET /user/join?userId=userone02&userPass=pirate02&userPassCheck=pirate02&userAddr=%EC%84%9C%EC%9A%B8%EC%8B%9C+%EA%B5%AC%EB%A1%9C%EA%B5%AC+%EB%8F%84%EB%A6%BC%EB%A1%9C20%EA%B8%B8+14-0&userName=%EC%9C%A0%EC%A0%802&userCall=01040400202 HTTP/1.1" 404 820
